** Drc report for acople_sp32.kicad_pcb **
** Created on 2026-09-23T05:40:23 **
** Report includes: Errors, Warnings **

** Found 68 DRC violations **
[tracks_crossing]: Tracks crossing
    Local override; error
    @(122.2720 mm, 122.8310 mm): Track [rele 3] on B.Cu, length 12.8428 mm
    @(118.5000 mm, 126.3050 mm): Track [TX_2] on B.Cu, length 16.3050 mm
[tracks_crossing]: Tracks crossing
    Local override; error
    @(118.5000 mm, 110.0000 mm): Track [TX_2] on B.Cu, length 12.0208 mm
    @(110.1509 mm, 103.1127 mm): Track [SCK] on B.Cu, length 16.7964 mm
[shorting_items]: Elementos conectando dos redes (redes +12V y +5V)
    Local override; error
    @(101.1200 mm, 84.5700 mm): Track [+12V] on B.Cu, length 14.6200 mm
    @(96.0400 mm, 84.5740 mm): Track [+5V] on B.Cu, length 2.5400 mm
[tracks_crossing]: Tracks crossing
    Local override; error
    @(128.6510 mm, 123.5001 mm): Track [SCL] on B.Cu, length 13.5014 mm
    @(118.5000 mm, 126.3050 mm): Track [TX_2] on B.Cu, length 16.3050 mm
[tracks_crossing]: Tracks crossing
    Local override; error
    @(118.5000 mm, 110.0000 mm): Track [TX_2] on B.Cu, length 12.0208 mm
    @(130.0512 mm, 108.9585 mm): Track [INT] on B.Cu, length 19.1097 mm
[tracks_crossing]: Tracks crossing
    Local override; error
    @(118.5000 mm, 110.0000 mm): Track [TX_2] on B.Cu, length 12.0208 mm
    @(126.7329 mm, 106.5890 mm): Track [rele 4] on B.Cu, length 13.9839 mm
[tracks_crossing]: Tracks crossing
    Local override; error
    @(118.5000 mm, 110.0000 mm): Track [TX_2] on B.Cu, length 12.0208 mm
    @(129.9315 mm, 107.4085 mm): Track [TX] on B.Cu, length 25.0600 mm
[tracks_crossing]: Tracks crossing
    Local override; error
    @(131.9634 mm, 113.3678 mm): Track [IO0] on B.Cu, length 14.6213 mm
    @(118.5000 mm, 126.3050 mm): Track [TX_2] on B.Cu, length 16.3050 mm
[tracks_crossing]: Tracks crossing
    Local override; error
    @(126.3638 mm, 112.7603 mm): Track [rele 5] on B.Cu, length 24.4899 mm
    @(118.5000 mm, 126.3050 mm): Track [TX_2] on B.Cu, length 16.3050 mm
[clearance]: Infracción de margen ( margen 0.2000 mm; real 0.0377 mm)
    Local override; error
    @(114.7000 mm, 128.3050 mm): Track [TX_2] on F.Cu, length 1.8000 mm
    @(116.7877 mm, 130.4707 mm): Track [SDI] on F.Cu, length 9.0641 mm
[shorting_items]: Elementos conectando dos redes (redes TX_2 y SDI)
    Local override; error
    @(116.5000 mm, 128.3050 mm): Via [TX_2] on F.Cu - B.Cu
    @(116.7877 mm, 130.4707 mm): Track [SDI] on F.Cu, length 9.0641 mm
[shorting_items]: Elementos conectando dos redes (redes CS y rele 2)
    Local override; error
    @(119.5000 mm, 127.5750 mm): Track [CS] on B.Cu, length 16.5750 mm
    @(119.9357 mm, 114.1821 mm): Via [rele 2] on F.Cu - B.Cu
[clearance]: Infracción de margen ( margen 0.2500 mm; real 0.1107 mm)
    Local override; error
    @(126.9796 mm, 121.2260 mm): Track [rele 2] on B.Cu, length 9.9616 mm
    @(119.5000 mm, 127.5750 mm): Track [CS] on B.Cu, length 16.5750 mm
[tracks_crossing]: Tracks crossing
    Local override; error
    @(124.7273 mm, 112.0086 mm): Track [RX] on B.Cu, length 15.6695 mm
    @(118.5000 mm, 126.3050 mm): Track [TX_2] on B.Cu, length 16.3050 mm
[tracks_crossing]: Tracks crossing
    Local override; error
    @(128.4121 mm, 124.0768 mm): Track [+3.3V] on B.Cu, length 22.6230 mm
    @(118.5000 mm, 126.3050 mm): Track [TX_2] on B.Cu, length 16.3050 mm
[clearance]: Infracción de margen ( margen 0.2500 mm; real 0.1781 mm)
    Local override; error
    @(118.5000 mm, 110.0000 mm): Track [TX_2] on B.Cu, length 12.0208 mm
    @(119.3800 mm, 110.6800 mm): PTH pad 11 [+5V] of J_DIP40
[shorting_items]: Elementos conectando dos redes (redes +5V y TX_2)
    Local override; error
    @(119.3800 mm, 110.6800 mm): PTH pad 11 [+5V] of J_DIP40
    @(118.5000 mm, 126.3050 mm): Track [TX_2] on B.Cu, length 16.3050 mm
[tracks_crossing]: Tracks crossing
    Local override; error
    @(116.7877 mm, 130.4707 mm): Track [SDI] on F.Cu, length 9.0641 mm
    @(114.7000 mm, 129.5750 mm): Track [CS] on F.Cu, length 2.8000 mm
[tracks_crossing]: Tracks crossing
    Local override; error
    @(119.5000 mm, 127.5750 mm): Track [CS] on B.Cu, length 16.5750 mm
    @(128.6510 mm, 123.5001 mm): Track [SCL] on B.Cu, length 13.5014 mm
[clearance]: Infracción de margen ( margen 0.2000 mm; real 0.1285 mm)
    Local override; error
    @(121.9200 mm, 108.5800 mm): Track [CS] on B.Cu, length 13.1400 mm
    @(130.0512 mm, 108.9585 mm): Track [INT] on B.Cu, length 19.1097 mm
[tracks_crossing]: Tracks crossing
    Local override; error
    @(119.5000 mm, 111.0000 mm): Track [CS] on B.Cu, length 3.4224 mm
    @(130.0512 mm, 108.9585 mm): Track [INT] on B.Cu, length 19.1097 mm
[courtyards_overlap]: Courtyards overlap
    Rule: restricciones de configuración de placa para patios; error
    @(93.9800 mm, 110.6800 mm): Footprint J_DIP40
    @(128.5900 mm, 106.2100 mm): Footprint J_PROG1
[pth_inside_courtyard]: PTH inside courtyard
    Local override; error
    @(128.5900 mm, 106.2100 mm): PTH pad 1 [GND] of J_PROG1
    @(93.9800 mm, 110.6800 mm): Footprint J_DIP40
[pth_inside_courtyard]: PTH inside courtyard
    Local override; error
    @(131.1300 mm, 106.2100 mm): PTH pad 2 [TX] of J_PROG1
    @(93.9800 mm, 110.6800 mm): Footprint J_DIP40
[pth_inside_courtyard]: PTH inside courtyard
    Local override; error
    @(133.6700 mm, 106.2100 mm): PTH pad 3 [RX] of J_PROG1
    @(93.9800 mm, 110.6800 mm): Footprint J_DIP40
[pth_inside_courtyard]: PTH inside courtyard
    Local override; error
    @(136.2100 mm, 106.2100 mm): PTH pad 4 [IO0] of J_PROG1
    @(93.9800 mm, 110.6800 mm): Footprint J_DIP40
[pth_inside_courtyard]: PTH inside courtyard
    Local override; error
    @(138.7500 mm, 106.2100 mm): PTH pad 5 [EN] of J_PROG1
    @(93.9800 mm, 110.6800 mm): Footprint J_DIP40
[pth_inside_courtyard]: PTH inside courtyard
    Local override; error
    @(141.2900 mm, 106.2100 mm): PTH pad 6 [+3.3V] of J_PROG1
    @(93.9800 mm, 110.6800 mm): Footprint J_DIP40
[drill_out_of_range]: Tamaño de agujero fuera del rango (restricciones de configuración de placa agujero mínimo 0.3000 mm; real 0.2000 mm)
    Rule: restricciones de configuración de placa; error
    @(126.3500 mm, 134.1400 mm): PTH pad 39 [GND] of U1
[drill_out_of_range]: Tamaño de agujero fuera del rango (restricciones de configuración de placa agujero mínimo 0.3000 mm; real 0.2000 mm)
    Rule: restricciones de configuración de placa; error
    @(126.3500 mm, 132.7400 mm): PTH pad 39 [GND] of U1
[drill_out_of_range]: Tamaño de agujero fuera del rango (restricciones de configuración de placa agujero mínimo 0.3000 mm; real 0.2000 mm)
    Rule: restricciones de configuración de placa; error
    @(125.6500 mm, 134.8400 mm): PTH pad 39 [GND] of U1
[drill_out_of_range]: Tamaño de agujero fuera del rango (restricciones de configuración de placa agujero mínimo 0.3000 mm; real 0.2000 mm)
    Rule: restricciones de configuración de placa; error
    @(125.6500 mm, 133.4400 mm): PTH pad 39 [GND] of U1
[drill_out_of_range]: Tamaño de agujero fuera del rango (restricciones de configuración de placa agujero mínimo 0.3000 mm; real 0.2000 mm)
    Rule: restricciones de configuración de placa; error
    @(125.6500 mm, 132.0400 mm): PTH pad 39 [GND] of U1
[drill_out_of_range]: Tamaño de agujero fuera del rango (restricciones de configuración de placa agujero mínimo 0.3000 mm; real 0.2000 mm)
    Rule: restricciones de configuración de placa; error
    @(124.9500 mm, 134.1400 mm): PTH pad 39 [GND] of U1
[drill_out_of_range]: Tamaño de agujero fuera del rango (restricciones de configuración de placa agujero mínimo 0.3000 mm; real 0.2000 mm)
    Rule: restricciones de configuración de placa; error
    @(124.9500 mm, 132.7400 mm): PTH pad 39 [GND] of U1
[drill_out_of_range]: Tamaño de agujero fuera del rango (restricciones de configuración de placa agujero mínimo 0.3000 mm; real 0.2000 mm)
    Rule: restricciones de configuración de placa; error
    @(124.2500 mm, 134.8400 mm): PTH pad 39 [GND] of U1
[drill_out_of_range]: Tamaño de agujero fuera del rango (restricciones de configuración de placa agujero mínimo 0.3000 mm; real 0.2000 mm)
    Rule: restricciones de configuración de placa; error
    @(124.2500 mm, 133.4400 mm): PTH pad 39 [GND] of U1
[drill_out_of_range]: Tamaño de agujero fuera del rango (restricciones de configuración de placa agujero mínimo 0.3000 mm; real 0.2000 mm)
    Rule: restricciones de configuración de placa; error
    @(124.2500 mm, 132.0400 mm): PTH pad 39 [GND] of U1
[drill_out_of_range]: Tamaño de agujero fuera del rango (restricciones de configuración de placa agujero mínimo 0.3000 mm; real 0.2000 mm)
    Rule: restricciones de configuración de placa; error
    @(123.5500 mm, 134.1400 mm): PTH pad 39 [GND] of U1
[drill_out_of_range]: Tamaño de agujero fuera del rango (restricciones de configuración de placa agujero mínimo 0.3000 mm; real 0.2000 mm)
    Rule: restricciones de configuración de placa; error
    @(123.5500 mm, 132.7400 mm): PTH pad 39 [GND] of U1
[solder_mask_bridge]: La apertura de la máscara de soldadura trasera une elementos con diferentes redes
    Rule: configuración de la placa anchura mínima de la máscara de soldadura; error
    @(101.1200 mm, 84.5700 mm): Track [+12V] on B.Cu, length 14.6200 mm
    @(98.5800 mm, 84.5740 mm): PTH pad 3 [+5V] of J4
[solder_mask_bridge]: La apertura de la máscara de soldadura trasera une elementos con diferentes redes
    Rule: configuración de la placa anchura mínima de la máscara de soldadura; error
    @(118.5000 mm, 126.3050 mm): Track [TX_2] on B.Cu, length 16.3050 mm
    @(119.3800 mm, 110.6800 mm): PTH pad 11 [+5V] of J_DIP40
[solder_mask_bridge]: La apertura de la máscara de soldadura trasera une elementos con diferentes redes
    Rule: configuración de la placa anchura mínima de la máscara de soldadura; error
    @(101.1200 mm, 84.5700 mm): Track [+12V] on B.Cu, length 14.6200 mm
    @(96.0400 mm, 84.5740 mm): PTH pad 4 [+5V] of J4
[solder_mask_bridge]: La apertura de la máscara de soldadura trasera une elementos con diferentes redes
    Rule: configuración de la placa anchura mínima de la máscara de soldadura; error
    @(101.1200 mm, 84.5700 mm): Track [+12V] on B.Cu, length 14.6200 mm
    @(93.5000 mm, 84.5740 mm): PTH pad 5 [GND] of J4
[solder_mask_bridge]: La apertura de la máscara de soldadura trasera une elementos con diferentes redes
    Rule: configuración de la placa anchura mínima de la máscara de soldadura; error
    @(101.1200 mm, 84.5700 mm): Track [+12V] on B.Cu, length 14.6200 mm
    @(90.9600 mm, 84.5740 mm): PTH pad 6 [GND] of J4
[solder_mask_bridge]: La apertura de la máscara de soldadura trasera une elementos con diferentes redes
    Rule: configuración de la placa anchura mínima de la máscara de soldadura; error
    @(119.5000 mm, 127.5750 mm): Track [CS] on B.Cu, length 16.5750 mm
    @(119.3800 mm, 110.6800 mm): PTH pad 11 [+5V] of J_DIP40
[solder_mask_bridge]: La apertura de la máscara de soldadura trasera une elementos con diferentes redes
    Rule: configuración de la placa anchura mínima de la máscara de soldadura; error
    @(119.5000 mm, 111.0000 mm): Track [CS] on B.Cu, length 3.4224 mm
    @(119.3800 mm, 110.6800 mm): PTH pad 11 [+5V] of J_DIP40
[silk_overlap]: Silkscreen clearance
    Rule: restricciones de configuración de placa para serigrafía; warning
    @(149.1800 mm, 118.3200 mm): Reference field of C3
    @(148.9604 mm, 117.7450 mm): Segment of R2 on F.Silkscreen
[silk_overlap]: Silkscreen clearance
    Rule: restricciones de configuración de placa para serigrafía; warning
    @(145.4700 mm, 118.2800 mm): Reference field of C4
    @(145.0104 mm, 117.7750 mm): Segment of R1 on F.Silkscreen
[silk_overlap]: Silkscreen clearance
    Rule: restricciones de configuración de placa para serigrafía; warning
    @(92.1487 mm, 127.0750 mm): Segment of C8 on F.Silkscreen
    @(92.4100 mm, 127.6600 mm): Reference field of C9
[silk_overlap]: Silkscreen clearance
    Rule: restricciones de configuración de placa para serigrafía; warning
    @(140.0800 mm, 125.8600 mm): Reference field of C14
    @(139.9350 mm, 126.1213 mm): Segment of C10 on F.Silkscreen
[silk_overlap]: Silkscreen clearance
    Rule: restricciones de configuración de placa para serigrafía; warning
    @(141.0250 mm, 126.1213 mm): Segment of C14 on F.Silkscreen
    @(141.2700 mm, 126.8500 mm): Reference field of R6
[silk_overlap]: Silkscreen clearance
    Rule: restricciones de configuración de placa para serigrafía; warning
    @(139.9700 mm, 130.4600 mm): Reference field of C5
    @(139.9250 mm, 130.6771 mm): Segment of R6 on F.Silkscreen
[silk_overlap]: Silkscreen clearance
    Rule: restricciones de configuración de placa para serigrafía; warning
    @(105.8587 mm, 126.9050 mm): Segment of C6 on F.Silkscreen
    @(106.1200 mm, 127.4900 mm): Reference field of C7
[silk_over_copper]: Silkscreen clipped by solder mask
    Local override; warning
    @(149.1800 mm, 118.3200 mm): Reference field of C3
    @(150.1000 mm, 117.0100 mm): Pad 2 [GND] of R2 on F.Cu
[silk_over_copper]: Silkscreen clipped by solder mask
    Local override; warning
    @(147.1850 mm, 121.0550 mm): Reference field of U2
    @(148.2300 mm, 120.0000 mm): Pad 1 [HX_VBG] of C3 on F.Cu
[silk_over_copper]: Silkscreen clipped by solder mask
    Local override; warning
    @(147.1850 mm, 121.0550 mm): Reference field of U2
    @(146.4200 mm, 119.9600 mm): Pad 2 [GND] of C4 on F.Cu
[silk_over_copper]: Silkscreen clipped by solder mask
    Local override; warning
    @(145.4700 mm, 118.2800 mm): Reference field of C4
    @(146.1500 mm, 117.0400 mm): Pad 2 [HX_VFB] of R1 on F.Cu
[silk_over_copper]: Silkscreen clipped by solder mask
    Local override; warning
    @(92.4100 mm, 127.6600 mm): Reference field of C9
    @(93.3600 mm, 126.3400 mm): Pad 2 [GND] of C8 on F.Cu
[silk_over_copper]: Silkscreen clipped by solder mask
    Local override; warning
    @(139.9700 mm, 130.4600 mm): Reference field of C5
    @(139.1900 mm, 129.5375 mm): Pad 2 [EN] of R6 on F.Cu
[silk_over_copper]: Silkscreen clipped by solder mask
    Local override; warning
    @(151.1500 mm, 130.6000 mm): Reference field of R4
    @(149.6600 mm, 131.4000 mm): Pad 9 [INA-] of U2 on F.Cu
[silk_over_copper]: Silkscreen clipped by solder mask
    Local override; warning
    @(151.1500 mm, 130.6000 mm): Reference field of R4
    @(149.6600 mm, 130.1300 mm): Pad 10 [INA+] of U2 on F.Cu
[silk_over_copper]: Silkscreen clipped by solder mask
    Local override; warning
    @(140.0800 mm, 125.8600 mm): Reference field of C14
    @(139.2000 mm, 126.8100 mm): Pad 1 [+5V_ADC] of C10 on F.Cu
[silk_over_copper]: Silkscreen clipped by solder mask
    Local override; warning
    @(140.0800 mm, 125.8600 mm): Reference field of C14
    @(139.2000 mm, 124.9100 mm): Pad 2 [GND] of C10 on F.Cu
[silk_over_copper]: Silkscreen clipped by solder mask
    Local override; warning
    @(139.9700 mm, 130.4600 mm): Reference field of C5
    @(139.1900 mm, 131.3625 mm): Pad 1 [+3.3V] of R6 on F.Cu
[silk_over_copper]: Silkscreen clipped by solder mask
    Local override; warning
    @(106.1200 mm, 127.4900 mm): Reference field of C7
    @(107.0700 mm, 126.1700 mm): Pad 2 [GND] of C6 on F.Cu
[silk_over_copper]: Silkscreen clipped by solder mask
    Local override; warning
    @(107.6400 mm, 130.4600 mm): Reference field of R7
    @(107.0700 mm, 129.1700 mm): Pad 2 [GND] of C7 on F.Cu
[silk_over_copper]: Silkscreen clipped by solder mask
    Local override; warning
    @(141.2700 mm, 126.8500 mm): Reference field of R6
    @(141.7600 mm, 126.8100 mm): Pad 1 [EN] of C14 on F.Cu

** Found 7 unconnected pads **
[unconnected_items]: Missing connection between items
    Local override; error
    @(84.0000 mm, 82.1800 mm): Zone [GND] on F.Cu and B.Cu, priority 0
    @(84.0000 mm, 82.1800 mm): Zone [GND] on F.Cu and B.Cu, priority 0
[unconnected_items]: Missing connection between items
    Local override; error
    @(84.0000 mm, 82.1800 mm): Zone [GND] on F.Cu and B.Cu, priority 0
    @(84.0000 mm, 82.1800 mm): Zone [GND] on F.Cu and B.Cu, priority 0
[unconnected_items]: Missing connection between items
    Local override; error
    @(84.0000 mm, 82.1800 mm): Zone [GND] on F.Cu and B.Cu, priority 0
    @(84.0000 mm, 82.1800 mm): Zone [GND] on F.Cu and B.Cu, priority 0
[unconnected_items]: Missing connection between items
    Local override; error
    @(84.0000 mm, 82.1800 mm): Zone [GND] on F.Cu and B.Cu, priority 0
    @(84.0000 mm, 82.1800 mm): Zone [GND] on F.Cu and B.Cu, priority 0
[unconnected_items]: Missing connection between items
    Local override; error
    @(84.0000 mm, 82.1800 mm): Zone [GND] on F.Cu and B.Cu, priority 0
    @(84.0000 mm, 82.1800 mm): Zone [GND] on F.Cu and B.Cu, priority 0
[unconnected_items]: Missing connection between items
    Local override; error
    @(84.0000 mm, 82.1800 mm): Zone [GND] on F.Cu and B.Cu, priority 0
    @(84.0000 mm, 82.1800 mm): Zone [GND] on F.Cu and B.Cu, priority 0
[unconnected_items]: Missing connection between items
    Local override; error
    @(84.0000 mm, 82.1800 mm): Zone [GND] on F.Cu and B.Cu, priority 0
    @(84.0000 mm, 82.1800 mm): Zone [GND] on F.Cu and B.Cu, priority 0

** Found 0 Footprint errors **

** Ignored checks **
    - Footprint has no courtyard defined
    - Track endpoint not centered on via
    - Tuning profile track geometries
    - Footprint doesn't match symbol's footprint filters
    - Footprint component type doesn't match footprint pads

** End of Report **
